
==============================================================
python.exe : Traceback 
(most recent call last):
At line:1 char:1
+ & "c:\Users\Ahamed 
Najah\Desktop\Artificial 
Intelligence\PYTHON\Plann
 ...
+ ~~~~~~~~~~~~~~~~~~~~~~~
~~~~~~~~~~~~~~~~~~~~~~~~~
~~~~~~~~~~~~~~~~~~~~~
    + CategoryInfo       
       : NotSpecified:   
  (Traceback (most rec   
 ent call last)::Stri    
ng) [], RemoteExcept    
ion
    + FullyQualifiedErro 
   rId : NativeCommandE  
  rror
 
  File "C:\Users\Ahamed 
Najah\Desktop\Artificial 
Intelligence\PYTHON\Plann
er Agent\test_agent.py", 
line 6, in <module>
    state = run_travel_pl
anner("Bali, Indonesia")
            ^^^^^^^^^^^^^
^^^^^^^^^^^^^^^^^^^^^^^^
  File "C:\Users\Ahamed 
Najah\Desktop\Artificial 
Intelligence\PYTHON\Plann
er 
Agent\planner_agent.py", 
line 282, in 
run_travel_planner
    print(f"  \U0001f6eb 
 Starting Travel Planner 
Agent")
  File "C:\Users\Ahamed N
ajah\AppData\Local\Progra
ms\Python\Python311\Lib\e
ncodings\cp1252.py", 
line 19, in encode
    return codecs.charmap
_encode(input,self.errors
,encoding_table)[0]
           ^^^^^^^^^^^^^^
^^^^^^^^^^^^^^^^^^^^^^^^^
^^^^^^^^^^^^^^^^
UnicodeEncodeError: 
'charmap' codec can't 
encode character 
'\U0001f6eb' in position 
2: character maps to 
<undefined>
